===== 1993-09 =====
[RUN] .venv/bin/python src/process_d2nf.py --indir /Volumes/HJPARK4/MHW/data/GLORYS/ncfiles --outdir /Volumes/HJPARK4/Decadal/source/ML_budget/tmp_daily/1993/09 --fluxdir /Volumes/HJPARK4/MHW/data/ERA5/daily_EA --years 1993:1993 --workers auto --start-date 1993-09-01 --end-date 1993-09-30 --ah 100.0 --kv 0.0001 --hmin 15.0 --we-mode deepening --mld-source recompute --mld-threshold 0.03 --mld-ref-depth 10.0
[INFO] year 1993  (Ah=100.0, Kv=0.0001, denom=h, hmin=15.0, we_mode=deepening, cap=None m/day, mld=recompute)
[1993] day 1/29 saved
[1993] day 10/29 saved
[1993] day 20/29 saved
[OK] 1993 done → /Volumes/HJPARK4/Decadal/source/ML_budget/tmp_daily/1993/09/ml_budget_1993.nc
/Users/hjpark/Desktop/GPT/Mixed-Layer-Heat-budget/scripts/run_mlhb_monthly.py:120: UserWarning: Converting non-nanosecond precision datetime values to nanosecond precision. This behavior can eventually be relaxed in xarray, as it is an artifact from pandas which is now beginning to support non-nanosecond precision values. This warning is caused by passing non-nanosecond np.datetime64 or np.timedelta64 values to the DataArray or Variable constructor; it can be silenced by converting the values to nanosecond precision ahead of time.
  month_mean = month_mean.expand_dims(time=[time_val]).assign_coords(time=("time", [time_val]))
/Users/hjpark/Desktop/GPT/Mixed-Layer-Heat-budget/scripts/run_mlhb_monthly.py:120: UserWarning: Converting non-nanosecond precision datetime values to nanosecond precision. This behavior can eventually be relaxed in xarray, as it is an artifact from pandas which is now beginning to support non-nanosecond precision values. This warning is caused by passing non-nanosecond np.datetime64 or np.timedelta64 values to the DataArray or Variable constructor; it can be silenced by converting the values to nanosecond precision ahead of time.
  month_mean = month_mean.expand_dims(time=[time_val]).assign_coords(time=("time", [time_val]))
/Users/hjpark/Desktop/GPT/Mixed-Layer-Heat-budget/scripts/run_mlhb_monthly.py:120: UserWarning: Converting non-nanosecond precision datetime values to nanosecond precision. This behavior can eventually be relaxed in xarray, as it is an artifact from pandas which is now beginning to support non-nanosecond precision values. This warning is caused by passing non-nanosecond np.datetime64 or np.timedelta64 values to the DataArray or Variable constructor; it can be silenced by converting the values to nanosecond precision ahead of time.
  month_mean = month_mean.expand_dims(time=[time_val]).assign_coords(time=("time", [time_val]))
[DONE] 1993-09 appended to /Volumes/HJPARK4/Decadal/source/ML_budget/output/monthly/mlhb_monthly.nc
===== 1993-10 =====
[RUN] .venv/bin/python src/process_d2nf.py --indir /Volumes/HJPARK4/MHW/data/GLORYS/ncfiles --outdir /Volumes/HJPARK4/Decadal/source/ML_budget/tmp_daily/1993/10 --fluxdir /Volumes/HJPARK4/MHW/data/ERA5/daily_EA --years 1993:1993 --workers auto --start-date 1993-10-01 --end-date 1993-10-31 --ah 100.0 --kv 0.0001 --hmin 15.0 --we-mode deepening --mld-source recompute --mld-threshold 0.03 --mld-ref-depth 10.0
[INFO] year 1993  (Ah=100.0, Kv=0.0001, denom=h, hmin=15.0, we_mode=deepening, cap=None m/day, mld=recompute)
[1993] day 1/30 saved
[1993] day 10/30 saved
[1993] day 20/30 saved
[1993] day 30/30 saved
[OK] 1993 done → /Volumes/HJPARK4/Decadal/source/ML_budget/tmp_daily/1993/10/ml_budget_1993.nc
/Users/hjpark/Desktop/GPT/Mixed-Layer-Heat-budget/scripts/run_mlhb_monthly.py:120: UserWarning: Converting non-nanosecond precision datetime values to nanosecond precision. This behavior can eventually be relaxed in xarray, as it is an artifact from pandas which is now beginning to support non-nanosecond precision values. This warning is caused by passing non-nanosecond np.datetime64 or np.timedelta64 values to the DataArray or Variable constructor; it can be silenced by converting the values to nanosecond precision ahead of time.
  month_mean = month_mean.expand_dims(time=[time_val]).assign_coords(time=("time", [time_val]))
/Users/hjpark/Desktop/GPT/Mixed-Layer-Heat-budget/scripts/run_mlhb_monthly.py:120: UserWarning: Converting non-nanosecond precision datetime values to nanosecond precision. This behavior can eventually be relaxed in xarray, as it is an artifact from pandas which is now beginning to support non-nanosecond precision values. This warning is caused by passing non-nanosecond np.datetime64 or np.timedelta64 values to the DataArray or Variable constructor; it can be silenced by converting the values to nanosecond precision ahead of time.
  month_mean = month_mean.expand_dims(time=[time_val]).assign_coords(time=("time", [time_val]))
/Users/hjpark/Desktop/GPT/Mixed-Layer-Heat-budget/scripts/run_mlhb_monthly.py:120: UserWarning: Converting non-nanosecond precision datetime values to nanosecond precision. This behavior can eventually be relaxed in xarray, as it is an artifact from pandas which is now beginning to support non-nanosecond precision values. This warning is caused by passing non-nanosecond np.datetime64 or np.timedelta64 values to the DataArray or Variable constructor; it can be silenced by converting the values to nanosecond precision ahead of time.
  month_mean = month_mean.expand_dims(time=[time_val]).assign_coords(time=("time", [time_val]))
[DONE] 1993-10 appended to /Volumes/HJPARK4/Decadal/source/ML_budget/output/monthly/mlhb_monthly.nc
===== 1993-11 =====
[RUN] .venv/bin/python src/process_d2nf.py --indir /Volumes/HJPARK4/MHW/data/GLORYS/ncfiles --outdir /Volumes/HJPARK4/Decadal/source/ML_budget/tmp_daily/1993/11 --fluxdir /Volumes/HJPARK4/MHW/data/ERA5/daily_EA --years 1993:1993 --workers auto --start-date 1993-11-01 --end-date 1993-11-30 --ah 100.0 --kv 0.0001 --hmin 15.0 --we-mode deepening --mld-source recompute --mld-threshold 0.03 --mld-ref-depth 10.0
[INFO] year 1993  (Ah=100.0, Kv=0.0001, denom=h, hmin=15.0, we_mode=deepening, cap=None m/day, mld=recompute)
[1993] day 1/29 saved
[1993] day 10/29 saved
[1993] day 20/29 saved
[OK] 1993 done → /Volumes/HJPARK4/Decadal/source/ML_budget/tmp_daily/1993/11/ml_budget_1993.nc
/Users/hjpark/Desktop/GPT/Mixed-Layer-Heat-budget/scripts/run_mlhb_monthly.py:120: UserWarning: Converting non-nanosecond precision datetime values to nanosecond precision. This behavior can eventually be relaxed in xarray, as it is an artifact from pandas which is now beginning to support non-nanosecond precision values. This warning is caused by passing non-nanosecond np.datetime64 or np.timedelta64 values to the DataArray or Variable constructor; it can be silenced by converting the values to nanosecond precision ahead of time.
  month_mean = month_mean.expand_dims(time=[time_val]).assign_coords(time=("time", [time_val]))
/Users/hjpark/Desktop/GPT/Mixed-Layer-Heat-budget/scripts/run_mlhb_monthly.py:120: UserWarning: Converting non-nanosecond precision datetime values to nanosecond precision. This behavior can eventually be relaxed in xarray, as it is an artifact from pandas which is now beginning to support non-nanosecond precision values. This warning is caused by passing non-nanosecond np.datetime64 or np.timedelta64 values to the DataArray or Variable constructor; it can be silenced by converting the values to nanosecond precision ahead of time.
  month_mean = month_mean.expand_dims(time=[time_val]).assign_coords(time=("time", [time_val]))
/Users/hjpark/Desktop/GPT/Mixed-Layer-Heat-budget/scripts/run_mlhb_monthly.py:120: UserWarning: Converting non-nanosecond precision datetime values to nanosecond precision. This behavior can eventually be relaxed in xarray, as it is an artifact from pandas which is now beginning to support non-nanosecond precision values. This warning is caused by passing non-nanosecond np.datetime64 or np.timedelta64 values to the DataArray or Variable constructor; it can be silenced by converting the values to nanosecond precision ahead of time.
  month_mean = month_mean.expand_dims(time=[time_val]).assign_coords(time=("time", [time_val]))
[DONE] 1993-11 appended to /Volumes/HJPARK4/Decadal/source/ML_budget/output/monthly/mlhb_monthly.nc
===== 1993-12 =====
[RUN] .venv/bin/python src/process_d2nf.py --indir /Volumes/HJPARK4/MHW/data/GLORYS/ncfiles --outdir /Volumes/HJPARK4/Decadal/source/ML_budget/tmp_daily/1993/12 --fluxdir /Volumes/HJPARK4/MHW/data/ERA5/daily_EA --years 1993:1993 --workers auto --start-date 1993-12-01 --end-date 1993-12-31 --ah 100.0 --kv 0.0001 --hmin 15.0 --we-mode deepening --mld-source recompute --mld-threshold 0.03 --mld-ref-depth 10.0
[INFO] year 1993  (Ah=100.0, Kv=0.0001, denom=h, hmin=15.0, we_mode=deepening, cap=None m/day, mld=recompute)
[1993] day 1/30 saved
[1993] day 10/30 saved
[1993] day 20/30 saved
[1993] day 30/30 saved
[OK] 1993 done → /Volumes/HJPARK4/Decadal/source/ML_budget/tmp_daily/1993/12/ml_budget_1993.nc
/Users/hjpark/Desktop/GPT/Mixed-Layer-Heat-budget/scripts/run_mlhb_monthly.py:120: UserWarning: Converting non-nanosecond precision datetime values to nanosecond precision. This behavior can eventually be relaxed in xarray, as it is an artifact from pandas which is now beginning to support non-nanosecond precision values. This warning is caused by passing non-nanosecond np.datetime64 or np.timedelta64 values to the DataArray or Variable constructor; it can be silenced by converting the values to nanosecond precision ahead of time.
  month_mean = month_mean.expand_dims(time=[time_val]).assign_coords(time=("time", [time_val]))
/Users/hjpark/Desktop/GPT/Mixed-Layer-Heat-budget/scripts/run_mlhb_monthly.py:120: UserWarning: Converting non-nanosecond precision datetime values to nanosecond precision. This behavior can eventually be relaxed in xarray, as it is an artifact from pandas which is now beginning to support non-nanosecond precision values. This warning is caused by passing non-nanosecond np.datetime64 or np.timedelta64 values to the DataArray or Variable constructor; it can be silenced by converting the values to nanosecond precision ahead of time.
  month_mean = month_mean.expand_dims(time=[time_val]).assign_coords(time=("time", [time_val]))
/Users/hjpark/Desktop/GPT/Mixed-Layer-Heat-budget/scripts/run_mlhb_monthly.py:120: UserWarning: Converting non-nanosecond precision datetime values to nanosecond precision. This behavior can eventually be relaxed in xarray, as it is an artifact from pandas which is now beginning to support non-nanosecond precision values. This warning is caused by passing non-nanosecond np.datetime64 or np.timedelta64 values to the DataArray or Variable constructor; it can be silenced by converting the values to nanosecond precision ahead of time.
  month_mean = month_mean.expand_dims(time=[time_val]).assign_coords(time=("time", [time_val]))
[DONE] 1993-12 appended to /Volumes/HJPARK4/Decadal/source/ML_budget/output/monthly/mlhb_monthly.nc
===== 1994-01 =====
[RUN] .venv/bin/python src/process_d2nf.py --indir /Volumes/HJPARK4/MHW/data/GLORYS/ncfiles --outdir /Volumes/HJPARK4/Decadal/source/ML_budget/tmp_daily/1994/01 --fluxdir /Volumes/HJPARK4/MHW/data/ERA5/daily_EA --years 1994:1994 --workers auto --start-date 1994-01-01 --end-date 1994-01-31 --ah 100.0 --kv 0.0001 --hmin 15.0 --we-mode deepening --mld-source recompute --mld-threshold 0.03 --mld-ref-depth 10.0
[INFO] year 1994  (Ah=100.0, Kv=0.0001, denom=h, hmin=15.0, we_mode=deepening, cap=None m/day, mld=recompute)
[1994] day 1/30 saved
[1994] day 10/30 saved
[1994] day 20/30 saved
[1994] day 30/30 saved
[OK] 1994 done → /Volumes/HJPARK4/Decadal/source/ML_budget/tmp_daily/1994/01/ml_budget_1994.nc
/Users/hjpark/Desktop/GPT/Mixed-Layer-Heat-budget/scripts/run_mlhb_monthly.py:120: UserWarning: Converting non-nanosecond precision datetime values to nanosecond precision. This behavior can eventually be relaxed in xarray, as it is an artifact from pandas which is now beginning to support non-nanosecond precision values. This warning is caused by passing non-nanosecond np.datetime64 or np.timedelta64 values to the DataArray or Variable constructor; it can be silenced by converting the values to nanosecond precision ahead of time.
  month_mean = month_mean.expand_dims(time=[time_val]).assign_coords(time=("time", [time_val]))
/Users/hjpark/Desktop/GPT/Mixed-Layer-Heat-budget/scripts/run_mlhb_monthly.py:120: UserWarning: Converting non-nanosecond precision datetime values to nanosecond precision. This behavior can eventually be relaxed in xarray, as it is an artifact from pandas which is now beginning to support non-nanosecond precision values. This warning is caused by passing non-nanosecond np.datetime64 or np.timedelta64 values to the DataArray or Variable constructor; it can be silenced by converting the values to nanosecond precision ahead of time.
  month_mean = month_mean.expand_dims(time=[time_val]).assign_coords(time=("time", [time_val]))
/Users/hjpark/Desktop/GPT/Mixed-Layer-Heat-budget/scripts/run_mlhb_monthly.py:120: UserWarning: Converting non-nanosecond precision datetime values to nanosecond precision. This behavior can eventually be relaxed in xarray, as it is an artifact from pandas which is now beginning to support non-nanosecond precision values. This warning is caused by passing non-nanosecond np.datetime64 or np.timedelta64 values to the DataArray or Variable constructor; it can be silenced by converting the values to nanosecond precision ahead of time.
  month_mean = month_mean.expand_dims(time=[time_val]).assign_coords(time=("time", [time_val]))
[DONE] 1994-01 appended to /Volumes/HJPARK4/Decadal/source/ML_budget/output/monthly/mlhb_monthly.nc
===== 1994-02 =====
[RUN] .venv/bin/python src/process_d2nf.py --indir /Volumes/HJPARK4/MHW/data/GLORYS/ncfiles --outdir /Volumes/HJPARK4/Decadal/source/ML_budget/tmp_daily/1994/02 --fluxdir /Volumes/HJPARK4/MHW/data/ERA5/daily_EA --years 1994:1994 --workers auto --start-date 1994-02-01 --end-date 1994-02-28 --ah 100.0 --kv 0.0001 --hmin 15.0 --we-mode deepening --mld-source recompute --mld-threshold 0.03 --mld-ref-depth 10.0
[INFO] year 1994  (Ah=100.0, Kv=0.0001, denom=h, hmin=15.0, we_mode=deepening, cap=None m/day, mld=recompute)
[1994] day 1/27 saved
[1994] day 10/27 saved
[1994] day 20/27 saved
[OK] 1994 done → /Volumes/HJPARK4/Decadal/source/ML_budget/tmp_daily/1994/02/ml_budget_1994.nc
/Users/hjpark/Desktop/GPT/Mixed-Layer-Heat-budget/scripts/run_mlhb_monthly.py:120: UserWarning: Converting non-nanosecond precision datetime values to nanosecond precision. This behavior can eventually be relaxed in xarray, as it is an artifact from pandas which is now beginning to support non-nanosecond precision values. This warning is caused by passing non-nanosecond np.datetime64 or np.timedelta64 values to the DataArray or Variable constructor; it can be silenced by converting the values to nanosecond precision ahead of time.
  month_mean = month_mean.expand_dims(time=[time_val]).assign_coords(time=("time", [time_val]))
/Users/hjpark/Desktop/GPT/Mixed-Layer-Heat-budget/scripts/run_mlhb_monthly.py:120: UserWarning: Converting non-nanosecond precision datetime values to nanosecond precision. This behavior can eventually be relaxed in xarray, as it is an artifact from pandas which is now beginning to support non-nanosecond precision values. This warning is caused by passing non-nanosecond np.datetime64 or np.timedelta64 values to the DataArray or Variable constructor; it can be silenced by converting the values to nanosecond precision ahead of time.
  month_mean = month_mean.expand_dims(time=[time_val]).assign_coords(time=("time", [time_val]))
/Users/hjpark/Desktop/GPT/Mixed-Layer-Heat-budget/scripts/run_mlhb_monthly.py:120: UserWarning: Converting non-nanosecond precision datetime values to nanosecond precision. This behavior can eventually be relaxed in xarray, as it is an artifact from pandas which is now beginning to support non-nanosecond precision values. This warning is caused by passing non-nanosecond np.datetime64 or np.timedelta64 values to the DataArray or Variable constructor; it can be silenced by converting the values to nanosecond precision ahead of time.
  month_mean = month_mean.expand_dims(time=[time_val]).assign_coords(time=("time", [time_val]))
[DONE] 1994-02 appended to /Volumes/HJPARK4/Decadal/source/ML_budget/output/monthly/mlhb_monthly.nc
===== 1994-03 =====
[RUN] .venv/bin/python src/process_d2nf.py --indir /Volumes/HJPARK4/MHW/data/GLORYS/ncfiles --outdir /Volumes/HJPARK4/Decadal/source/ML_budget/tmp_daily/1994/03 --fluxdir /Volumes/HJPARK4/MHW/data/ERA5/daily_EA --years 1994:1994 --workers auto --start-date 1994-03-01 --end-date 1994-03-31 --ah 100.0 --kv 0.0001 --hmin 15.0 --we-mode deepening --mld-source recompute --mld-threshold 0.03 --mld-ref-depth 10.0
[INFO] year 1994  (Ah=100.0, Kv=0.0001, denom=h, hmin=15.0, we_mode=deepening, cap=None m/day, mld=recompute)
[1994] day 1/30 saved
[1994] day 10/30 saved
[1994] day 20/30 saved
[1994] day 30/30 saved
[OK] 1994 done → /Volumes/HJPARK4/Decadal/source/ML_budget/tmp_daily/1994/03/ml_budget_1994.nc
/Users/hjpark/Desktop/GPT/Mixed-Layer-Heat-budget/scripts/run_mlhb_monthly.py:120: UserWarning: Converting non-nanosecond precision datetime values to nanosecond precision. This behavior can eventually be relaxed in xarray, as it is an artifact from pandas which is now beginning to support non-nanosecond precision values. This warning is caused by passing non-nanosecond np.datetime64 or np.timedelta64 values to the DataArray or Variable constructor; it can be silenced by converting the values to nanosecond precision ahead of time.
  month_mean = month_mean.expand_dims(time=[time_val]).assign_coords(time=("time", [time_val]))
/Users/hjpark/Desktop/GPT/Mixed-Layer-Heat-budget/scripts/run_mlhb_monthly.py:120: UserWarning: Converting non-nanosecond precision datetime values to nanosecond precision. This behavior can eventually be relaxed in xarray, as it is an artifact from pandas which is now beginning to support non-nanosecond precision values. This warning is caused by passing non-nanosecond np.datetime64 or np.timedelta64 values to the DataArray or Variable constructor; it can be silenced by converting the values to nanosecond precision ahead of time.
  month_mean = month_mean.expand_dims(time=[time_val]).assign_coords(time=("time", [time_val]))
/Users/hjpark/Desktop/GPT/Mixed-Layer-Heat-budget/scripts/run_mlhb_monthly.py:120: UserWarning: Converting non-nanosecond precision datetime values to nanosecond precision. This behavior can eventually be relaxed in xarray, as it is an artifact from pandas which is now beginning to support non-nanosecond precision values. This warning is caused by passing non-nanosecond np.datetime64 or np.timedelta64 values to the DataArray or Variable constructor; it can be silenced by converting the values to nanosecond precision ahead of time.
  month_mean = month_mean.expand_dims(time=[time_val]).assign_coords(time=("time", [time_val]))
[DONE] 1994-03 appended to /Volumes/HJPARK4/Decadal/source/ML_budget/output/monthly/mlhb_monthly.nc
===== 1994-04 =====
[RUN] .venv/bin/python src/process_d2nf.py --indir /Volumes/HJPARK4/MHW/data/GLORYS/ncfiles --outdir /Volumes/HJPARK4/Decadal/source/ML_budget/tmp_daily/1994/04 --fluxdir /Volumes/HJPARK4/MHW/data/ERA5/daily_EA --years 1994:1994 --workers auto --start-date 1994-04-01 --end-date 1994-04-30 --ah 100.0 --kv 0.0001 --hmin 15.0 --we-mode deepening --mld-source recompute --mld-threshold 0.03 --mld-ref-depth 10.0
[INFO] year 1994  (Ah=100.0, Kv=0.0001, denom=h, hmin=15.0, we_mode=deepening, cap=None m/day, mld=recompute)
[1994] day 1/29 saved
[1994] day 10/29 saved
[1994] day 20/29 saved
[OK] 1994 done → /Volumes/HJPARK4/Decadal/source/ML_budget/tmp_daily/1994/04/ml_budget_1994.nc
/Users/hjpark/Desktop/GPT/Mixed-Layer-Heat-budget/scripts/run_mlhb_monthly.py:120: UserWarning: Converting non-nanosecond precision datetime values to nanosecond precision. This behavior can eventually be relaxed in xarray, as it is an artifact from pandas which is now beginning to support non-nanosecond precision values. This warning is caused by passing non-nanosecond np.datetime64 or np.timedelta64 values to the DataArray or Variable constructor; it can be silenced by converting the values to nanosecond precision ahead of time.
  month_mean = month_mean.expand_dims(time=[time_val]).assign_coords(time=("time", [time_val]))
/Users/hjpark/Desktop/GPT/Mixed-Layer-Heat-budget/scripts/run_mlhb_monthly.py:120: UserWarning: Converting non-nanosecond precision datetime values to nanosecond precision. This behavior can eventually be relaxed in xarray, as it is an artifact from pandas which is now beginning to support non-nanosecond precision values. This warning is caused by passing non-nanosecond np.datetime64 or np.timedelta64 values to the DataArray or Variable constructor; it can be silenced by converting the values to nanosecond precision ahead of time.
  month_mean = month_mean.expand_dims(time=[time_val]).assign_coords(time=("time", [time_val]))
/Users/hjpark/Desktop/GPT/Mixed-Layer-Heat-budget/scripts/run_mlhb_monthly.py:120: UserWarning: Converting non-nanosecond precision datetime values to nanosecond precision. This behavior can eventually be relaxed in xarray, as it is an artifact from pandas which is now beginning to support non-nanosecond precision values. This warning is caused by passing non-nanosecond np.datetime64 or np.timedelta64 values to the DataArray or Variable constructor; it can be silenced by converting the values to nanosecond precision ahead of time.
  month_mean = month_mean.expand_dims(time=[time_val]).assign_coords(time=("time", [time_val]))
[DONE] 1994-04 appended to /Volumes/HJPARK4/Decadal/source/ML_budget/output/monthly/mlhb_monthly.nc
===== 1994-05 =====
[RUN] .venv/bin/python src/process_d2nf.py --indir /Volumes/HJPARK4/MHW/data/GLORYS/ncfiles --outdir /Volumes/HJPARK4/Decadal/source/ML_budget/tmp_daily/1994/05 --fluxdir /Volumes/HJPARK4/MHW/data/ERA5/daily_EA --years 1994:1994 --workers auto --start-date 1994-05-01 --end-date 1994-05-31 --ah 100.0 --kv 0.0001 --hmin 15.0 --we-mode deepening --mld-source recompute --mld-threshold 0.03 --mld-ref-depth 10.0
[INFO] year 1994  (Ah=100.0, Kv=0.0001, denom=h, hmin=15.0, we_mode=deepening, cap=None m/day, mld=recompute)
[1994] day 1/30 saved
[1994] day 10/30 saved
[1994] day 20/30 saved
[1994] day 30/30 saved
[OK] 1994 done → /Volumes/HJPARK4/Decadal/source/ML_budget/tmp_daily/1994/05/ml_budget_1994.nc
/Users/hjpark/Desktop/GPT/Mixed-Layer-Heat-budget/scripts/run_mlhb_monthly.py:120: UserWarning: Converting non-nanosecond precision datetime values to nanosecond precision. This behavior can eventually be relaxed in xarray, as it is an artifact from pandas which is now beginning to support non-nanosecond precision values. This warning is caused by passing non-nanosecond np.datetime64 or np.timedelta64 values to the DataArray or Variable constructor; it can be silenced by converting the values to nanosecond precision ahead of time.
  month_mean = month_mean.expand_dims(time=[time_val]).assign_coords(time=("time", [time_val]))
/Users/hjpark/Desktop/GPT/Mixed-Layer-Heat-budget/scripts/run_mlhb_monthly.py:120: UserWarning: Converting non-nanosecond precision datetime values to nanosecond precision. This behavior can eventually be relaxed in xarray, as it is an artifact from pandas which is now beginning to support non-nanosecond precision values. This warning is caused by passing non-nanosecond np.datetime64 or np.timedelta64 values to the DataArray or Variable constructor; it can be silenced by converting the values to nanosecond precision ahead of time.
  month_mean = month_mean.expand_dims(time=[time_val]).assign_coords(time=("time", [time_val]))
/Users/hjpark/Desktop/GPT/Mixed-Layer-Heat-budget/scripts/run_mlhb_monthly.py:120: UserWarning: Converting non-nanosecond precision datetime values to nanosecond precision. This behavior can eventually be relaxed in xarray, as it is an artifact from pandas which is now beginning to support non-nanosecond precision values. This warning is caused by passing non-nanosecond np.datetime64 or np.timedelta64 values to the DataArray or Variable constructor; it can be silenced by converting the values to nanosecond precision ahead of time.
  month_mean = month_mean.expand_dims(time=[time_val]).assign_coords(time=("time", [time_val]))
[DONE] 1994-05 appended to /Volumes/HJPARK4/Decadal/source/ML_budget/output/monthly/mlhb_monthly.nc
===== 1994-06 =====
[RUN] .venv/bin/python src/process_d2nf.py --indir /Volumes/HJPARK4/MHW/data/GLORYS/ncfiles --outdir /Volumes/HJPARK4/Decadal/source/ML_budget/tmp_daily/1994/06 --fluxdir /Volumes/HJPARK4/MHW/data/ERA5/daily_EA --years 1994:1994 --workers auto --start-date 1994-06-01 --end-date 1994-06-30 --ah 100.0 --kv 0.0001 --hmin 15.0 --we-mode deepening --mld-source recompute --mld-threshold 0.03 --mld-ref-depth 10.0
[INFO] year 1994  (Ah=100.0, Kv=0.0001, denom=h, hmin=15.0, we_mode=deepening, cap=None m/day, mld=recompute)
[1994] day 1/29 saved
[1994] day 10/29 saved
[1994] day 20/29 saved
[OK] 1994 done → /Volumes/HJPARK4/Decadal/source/ML_budget/tmp_daily/1994/06/ml_budget_1994.nc
/Users/hjpark/Desktop/GPT/Mixed-Layer-Heat-budget/scripts/run_mlhb_monthly.py:120: UserWarning: Converting non-nanosecond precision datetime values to nanosecond precision. This behavior can eventually be relaxed in xarray, as it is an artifact from pandas which is now beginning to support non-nanosecond precision values. This warning is caused by passing non-nanosecond np.datetime64 or np.timedelta64 values to the DataArray or Variable constructor; it can be silenced by converting the values to nanosecond precision ahead of time.
  month_mean = month_mean.expand_dims(time=[time_val]).assign_coords(time=("time", [time_val]))
/Users/hjpark/Desktop/GPT/Mixed-Layer-Heat-budget/scripts/run_mlhb_monthly.py:120: UserWarning: Converting non-nanosecond precision datetime values to nanosecond precision. This behavior can eventually be relaxed in xarray, as it is an artifact from pandas which is now beginning to support non-nanosecond precision values. This warning is caused by passing non-nanosecond np.datetime64 or np.timedelta64 values to the DataArray or Variable constructor; it can be silenced by converting the values to nanosecond precision ahead of time.
  month_mean = month_mean.expand_dims(time=[time_val]).assign_coords(time=("time", [time_val]))
/Users/hjpark/Desktop/GPT/Mixed-Layer-Heat-budget/scripts/run_mlhb_monthly.py:120: UserWarning: Converting non-nanosecond precision datetime values to nanosecond precision. This behavior can eventually be relaxed in xarray, as it is an artifact from pandas which is now beginning to support non-nanosecond precision values. This warning is caused by passing non-nanosecond np.datetime64 or np.timedelta64 values to the DataArray or Variable constructor; it can be silenced by converting the values to nanosecond precision ahead of time.
  month_mean = month_mean.expand_dims(time=[time_val]).assign_coords(time=("time", [time_val]))
[DONE] 1994-06 appended to /Volumes/HJPARK4/Decadal/source/ML_budget/output/monthly/mlhb_monthly.nc
===== 1994-07 =====
[RUN] .venv/bin/python src/process_d2nf.py --indir /Volumes/HJPARK4/MHW/data/GLORYS/ncfiles --outdir /Volumes/HJPARK4/Decadal/source/ML_budget/tmp_daily/1994/07 --fluxdir /Volumes/HJPARK4/MHW/data/ERA5/daily_EA --years 1994:1994 --workers auto --start-date 1994-07-01 --end-date 1994-07-31 --ah 100.0 --kv 0.0001 --hmin 15.0 --we-mode deepening --mld-source recompute --mld-threshold 0.03 --mld-ref-depth 10.0
[INFO] year 1994  (Ah=100.0, Kv=0.0001, denom=h, hmin=15.0, we_mode=deepening, cap=None m/day, mld=recompute)
[1994] day 1/30 saved
[1994] day 10/30 saved
[1994] day 20/30 saved
[1994] day 30/30 saved
[OK] 1994 done → /Volumes/HJPARK4/Decadal/source/ML_budget/tmp_daily/1994/07/ml_budget_1994.nc
/Users/hjpark/Desktop/GPT/Mixed-Layer-Heat-budget/scripts/run_mlhb_monthly.py:120: UserWarning: Converting non-nanosecond precision datetime values to nanosecond precision. This behavior can eventually be relaxed in xarray, as it is an artifact from pandas which is now beginning to support non-nanosecond precision values. This warning is caused by passing non-nanosecond np.datetime64 or np.timedelta64 values to the DataArray or Variable constructor; it can be silenced by converting the values to nanosecond precision ahead of time.
  month_mean = month_mean.expand_dims(time=[time_val]).assign_coords(time=("time", [time_val]))
/Users/hjpark/Desktop/GPT/Mixed-Layer-Heat-budget/scripts/run_mlhb_monthly.py:120: UserWarning: Converting non-nanosecond precision datetime values to nanosecond precision. This behavior can eventually be relaxed in xarray, as it is an artifact from pandas which is now beginning to support non-nanosecond precision values. This warning is caused by passing non-nanosecond np.datetime64 or np.timedelta64 values to the DataArray or Variable constructor; it can be silenced by converting the values to nanosecond precision ahead of time.
  month_mean = month_mean.expand_dims(time=[time_val]).assign_coords(time=("time", [time_val]))
/Users/hjpark/Desktop/GPT/Mixed-Layer-Heat-budget/scripts/run_mlhb_monthly.py:120: UserWarning: Converting non-nanosecond precision datetime values to nanosecond precision. This behavior can eventually be relaxed in xarray, as it is an artifact from pandas which is now beginning to support non-nanosecond precision values. This warning is caused by passing non-nanosecond np.datetime64 or np.timedelta64 values to the DataArray or Variable constructor; it can be silenced by converting the values to nanosecond precision ahead of time.
  month_mean = month_mean.expand_dims(time=[time_val]).assign_coords(time=("time", [time_val]))
[DONE] 1994-07 appended to /Volumes/HJPARK4/Decadal/source/ML_budget/output/monthly/mlhb_monthly.nc
===== 1994-08 =====
[RUN] .venv/bin/python src/process_d2nf.py --indir /Volumes/HJPARK4/MHW/data/GLORYS/ncfiles --outdir /Volumes/HJPARK4/Decadal/source/ML_budget/tmp_daily/1994/08 --fluxdir /Volumes/HJPARK4/MHW/data/ERA5/daily_EA --years 1994:1994 --workers auto --start-date 1994-08-01 --end-date 1994-08-31 --ah 100.0 --kv 0.0001 --hmin 15.0 --we-mode deepening --mld-source recompute --mld-threshold 0.03 --mld-ref-depth 10.0
[INFO] year 1994  (Ah=100.0, Kv=0.0001, denom=h, hmin=15.0, we_mode=deepening, cap=None m/day, mld=recompute)
[1994] day 1/30 saved
[1994] day 10/30 saved
[1994] day 20/30 saved
[1994] day 30/30 saved
[OK] 1994 done → /Volumes/HJPARK4/Decadal/source/ML_budget/tmp_daily/1994/08/ml_budget_1994.nc
/Users/hjpark/Desktop/GPT/Mixed-Layer-Heat-budget/scripts/run_mlhb_monthly.py:120: UserWarning: Converting non-nanosecond precision datetime values to nanosecond precision. This behavior can eventually be relaxed in xarray, as it is an artifact from pandas which is now beginning to support non-nanosecond precision values. This warning is caused by passing non-nanosecond np.datetime64 or np.timedelta64 values to the DataArray or Variable constructor; it can be silenced by converting the values to nanosecond precision ahead of time.
  month_mean = month_mean.expand_dims(time=[time_val]).assign_coords(time=("time", [time_val]))
/Users/hjpark/Desktop/GPT/Mixed-Layer-Heat-budget/scripts/run_mlhb_monthly.py:120: UserWarning: Converting non-nanosecond precision datetime values to nanosecond precision. This behavior can eventually be relaxed in xarray, as it is an artifact from pandas which is now beginning to support non-nanosecond precision values. This warning is caused by passing non-nanosecond np.datetime64 or np.timedelta64 values to the DataArray or Variable constructor; it can be silenced by converting the values to nanosecond precision ahead of time.
  month_mean = month_mean.expand_dims(time=[time_val]).assign_coords(time=("time", [time_val]))
/Users/hjpark/Desktop/GPT/Mixed-Layer-Heat-budget/scripts/run_mlhb_monthly.py:120: UserWarning: Converting non-nanosecond precision datetime values to nanosecond precision. This behavior can eventually be relaxed in xarray, as it is an artifact from pandas which is now beginning to support non-nanosecond precision values. This warning is caused by passing non-nanosecond np.datetime64 or np.timedelta64 values to the DataArray or Variable constructor; it can be silenced by converting the values to nanosecond precision ahead of time.
  month_mean = month_mean.expand_dims(time=[time_val]).assign_coords(time=("time", [time_val]))
[DONE] 1994-08 appended to /Volumes/HJPARK4/Decadal/source/ML_budget/output/monthly/mlhb_monthly.nc
===== 1994-09 =====
[RUN] .venv/bin/python src/process_d2nf.py --indir /Volumes/HJPARK4/MHW/data/GLORYS/ncfiles --outdir /Volumes/HJPARK4/Decadal/source/ML_budget/tmp_daily/1994/09 --fluxdir /Volumes/HJPARK4/MHW/data/ERA5/daily_EA --years 1994:1994 --workers auto --start-date 1994-09-01 --end-date 1994-09-30 --ah 100.0 --kv 0.0001 --hmin 15.0 --we-mode deepening --mld-source recompute --mld-threshold 0.03 --mld-ref-depth 10.0
[INFO] year 1994  (Ah=100.0, Kv=0.0001, denom=h, hmin=15.0, we_mode=deepening, cap=None m/day, mld=recompute)
[1994] day 1/29 saved
[1994] day 10/29 saved
[1994] day 20/29 saved
[OK] 1994 done → /Volumes/HJPARK4/Decadal/source/ML_budget/tmp_daily/1994/09/ml_budget_1994.nc
/Users/hjpark/Desktop/GPT/Mixed-Layer-Heat-budget/scripts/run_mlhb_monthly.py:120: UserWarning: Converting non-nanosecond precision datetime values to nanosecond precision. This behavior can eventually be relaxed in xarray, as it is an artifact from pandas which is now beginning to support non-nanosecond precision values. This warning is caused by passing non-nanosecond np.datetime64 or np.timedelta64 values to the DataArray or Variable constructor; it can be silenced by converting the values to nanosecond precision ahead of time.
  month_mean = month_mean.expand_dims(time=[time_val]).assign_coords(time=("time", [time_val]))
/Users/hjpark/Desktop/GPT/Mixed-Layer-Heat-budget/scripts/run_mlhb_monthly.py:120: UserWarning: Converting non-nanosecond precision datetime values to nanosecond precision. This behavior can eventually be relaxed in xarray, as it is an artifact from pandas which is now beginning to support non-nanosecond precision values. This warning is caused by passing non-nanosecond np.datetime64 or np.timedelta64 values to the DataArray or Variable constructor; it can be silenced by converting the values to nanosecond precision ahead of time.
  month_mean = month_mean.expand_dims(time=[time_val]).assign_coords(time=("time", [time_val]))
/Users/hjpark/Desktop/GPT/Mixed-Layer-Heat-budget/scripts/run_mlhb_monthly.py:120: UserWarning: Converting non-nanosecond precision datetime values to nanosecond precision. This behavior can eventually be relaxed in xarray, as it is an artifact from pandas which is now beginning to support non-nanosecond precision values. This warning is caused by passing non-nanosecond np.datetime64 or np.timedelta64 values to the DataArray or Variable constructor; it can be silenced by converting the values to nanosecond precision ahead of time.
  month_mean = month_mean.expand_dims(time=[time_val]).assign_coords(time=("time", [time_val]))
[DONE] 1994-09 appended to /Volumes/HJPARK4/Decadal/source/ML_budget/output/monthly/mlhb_monthly.nc
===== 1994-10 =====
[RUN] .venv/bin/python src/process_d2nf.py --indir /Volumes/HJPARK4/MHW/data/GLORYS/ncfiles --outdir /Volumes/HJPARK4/Decadal/source/ML_budget/tmp_daily/1994/10 --fluxdir /Volumes/HJPARK4/MHW/data/ERA5/daily_EA --years 1994:1994 --workers auto --start-date 1994-10-01 --end-date 1994-10-31 --ah 100.0 --kv 0.0001 --hmin 15.0 --we-mode deepening --mld-source recompute --mld-threshold 0.03 --mld-ref-depth 10.0
[INFO] year 1994  (Ah=100.0, Kv=0.0001, denom=h, hmin=15.0, we_mode=deepening, cap=None m/day, mld=recompute)
[1994] day 1/30 saved
[1994] day 10/30 saved
[1994] day 20/30 saved
[1994] day 30/30 saved
[OK] 1994 done → /Volumes/HJPARK4/Decadal/source/ML_budget/tmp_daily/1994/10/ml_budget_1994.nc
/Users/hjpark/Desktop/GPT/Mixed-Layer-Heat-budget/scripts/run_mlhb_monthly.py:120: UserWarning: Converting non-nanosecond precision datetime values to nanosecond precision. This behavior can eventually be relaxed in xarray, as it is an artifact from pandas which is now beginning to support non-nanosecond precision values. This warning is caused by passing non-nanosecond np.datetime64 or np.timedelta64 values to the DataArray or Variable constructor; it can be silenced by converting the values to nanosecond precision ahead of time.
  month_mean = month_mean.expand_dims(time=[time_val]).assign_coords(time=("time", [time_val]))
/Users/hjpark/Desktop/GPT/Mixed-Layer-Heat-budget/scripts/run_mlhb_monthly.py:120: UserWarning: Converting non-nanosecond precision datetime values to nanosecond precision. This behavior can eventually be relaxed in xarray, as it is an artifact from pandas which is now beginning to support non-nanosecond precision values. This warning is caused by passing non-nanosecond np.datetime64 or np.timedelta64 values to the DataArray or Variable constructor; it can be silenced by converting the values to nanosecond precision ahead of time.
  month_mean = month_mean.expand_dims(time=[time_val]).assign_coords(time=("time", [time_val]))
/Users/hjpark/Desktop/GPT/Mixed-Layer-Heat-budget/scripts/run_mlhb_monthly.py:120: UserWarning: Converting non-nanosecond precision datetime values to nanosecond precision. This behavior can eventually be relaxed in xarray, as it is an artifact from pandas which is now beginning to support non-nanosecond precision values. This warning is caused by passing non-nanosecond np.datetime64 or np.timedelta64 values to the DataArray or Variable constructor; it can be silenced by converting the values to nanosecond precision ahead of time.
  month_mean = month_mean.expand_dims(time=[time_val]).assign_coords(time=("time", [time_val]))
[DONE] 1994-10 appended to /Volumes/HJPARK4/Decadal/source/ML_budget/output/monthly/mlhb_monthly.nc
===== 1994-11 =====
[RUN] .venv/bin/python src/process_d2nf.py --indir /Volumes/HJPARK4/MHW/data/GLORYS/ncfiles --outdir /Volumes/HJPARK4/Decadal/source/ML_budget/tmp_daily/1994/11 --fluxdir /Volumes/HJPARK4/MHW/data/ERA5/daily_EA --years 1994:1994 --workers auto --start-date 1994-11-01 --end-date 1994-11-30 --ah 100.0 --kv 0.0001 --hmin 15.0 --we-mode deepening --mld-source recompute --mld-threshold 0.03 --mld-ref-depth 10.0
[INFO] year 1994  (Ah=100.0, Kv=0.0001, denom=h, hmin=15.0, we_mode=deepening, cap=None m/day, mld=recompute)
[1994] day 1/29 saved
[1994] day 10/29 saved
[1994] day 20/29 saved
[OK] 1994 done → /Volumes/HJPARK4/Decadal/source/ML_budget/tmp_daily/1994/11/ml_budget_1994.nc
/Users/hjpark/Desktop/GPT/Mixed-Layer-Heat-budget/scripts/run_mlhb_monthly.py:120: UserWarning: Converting non-nanosecond precision datetime values to nanosecond precision. This behavior can eventually be relaxed in xarray, as it is an artifact from pandas which is now beginning to support non-nanosecond precision values. This warning is caused by passing non-nanosecond np.datetime64 or np.timedelta64 values to the DataArray or Variable constructor; it can be silenced by converting the values to nanosecond precision ahead of time.
  month_mean = month_mean.expand_dims(time=[time_val]).assign_coords(time=("time", [time_val]))
/Users/hjpark/Desktop/GPT/Mixed-Layer-Heat-budget/scripts/run_mlhb_monthly.py:120: UserWarning: Converting non-nanosecond precision datetime values to nanosecond precision. This behavior can eventually be relaxed in xarray, as it is an artifact from pandas which is now beginning to support non-nanosecond precision values. This warning is caused by passing non-nanosecond np.datetime64 or np.timedelta64 values to the DataArray or Variable constructor; it can be silenced by converting the values to nanosecond precision ahead of time.
  month_mean = month_mean.expand_dims(time=[time_val]).assign_coords(time=("time", [time_val]))
/Users/hjpark/Desktop/GPT/Mixed-Layer-Heat-budget/scripts/run_mlhb_monthly.py:120: UserWarning: Converting non-nanosecond precision datetime values to nanosecond precision. This behavior can eventually be relaxed in xarray, as it is an artifact from pandas which is now beginning to support non-nanosecond precision values. This warning is caused by passing non-nanosecond np.datetime64 or np.timedelta64 values to the DataArray or Variable constructor; it can be silenced by converting the values to nanosecond precision ahead of time.
  month_mean = month_mean.expand_dims(time=[time_val]).assign_coords(time=("time", [time_val]))
[DONE] 1994-11 appended to /Volumes/HJPARK4/Decadal/source/ML_budget/output/monthly/mlhb_monthly.nc
===== 1994-12 =====
[RUN] .venv/bin/python src/process_d2nf.py --indir /Volumes/HJPARK4/MHW/data/GLORYS/ncfiles --outdir /Volumes/HJPARK4/Decadal/source/ML_budget/tmp_daily/1994/12 --fluxdir /Volumes/HJPARK4/MHW/data/ERA5/daily_EA --years 1994:1994 --workers auto --start-date 1994-12-01 --end-date 1994-12-31 --ah 100.0 --kv 0.0001 --hmin 15.0 --we-mode deepening --mld-source recompute --mld-threshold 0.03 --mld-ref-depth 10.0
[INFO] year 1994  (Ah=100.0, Kv=0.0001, denom=h, hmin=15.0, we_mode=deepening, cap=None m/day, mld=recompute)
[1994] day 1/30 saved
[1994] day 10/30 saved
[1994] day 20/30 saved
[1994] day 30/30 saved
[OK] 1994 done → /Volumes/HJPARK4/Decadal/source/ML_budget/tmp_daily/1994/12/ml_budget_1994.nc
/Users/hjpark/Desktop/GPT/Mixed-Layer-Heat-budget/scripts/run_mlhb_monthly.py:120: UserWarning: Converting non-nanosecond precision datetime values to nanosecond precision. This behavior can eventually be relaxed in xarray, as it is an artifact from pandas which is now beginning to support non-nanosecond precision values. This warning is caused by passing non-nanosecond np.datetime64 or np.timedelta64 values to the DataArray or Variable constructor; it can be silenced by converting the values to nanosecond precision ahead of time.
  month_mean = month_mean.expand_dims(time=[time_val]).assign_coords(time=("time", [time_val]))
/Users/hjpark/Desktop/GPT/Mixed-Layer-Heat-budget/scripts/run_mlhb_monthly.py:120: UserWarning: Converting non-nanosecond precision datetime values to nanosecond precision. This behavior can eventually be relaxed in xarray, as it is an artifact from pandas which is now beginning to support non-nanosecond precision values. This warning is caused by passing non-nanosecond np.datetime64 or np.timedelta64 values to the DataArray or Variable constructor; it can be silenced by converting the values to nanosecond precision ahead of time.
  month_mean = month_mean.expand_dims(time=[time_val]).assign_coords(time=("time", [time_val]))
/Users/hjpark/Desktop/GPT/Mixed-Layer-Heat-budget/scripts/run_mlhb_monthly.py:120: UserWarning: Converting non-nanosecond precision datetime values to nanosecond precision. This behavior can eventually be relaxed in xarray, as it is an artifact from pandas which is now beginning to support non-nanosecond precision values. This warning is caused by passing non-nanosecond np.datetime64 or np.timedelta64 values to the DataArray or Variable constructor; it can be silenced by converting the values to nanosecond precision ahead of time.
  month_mean = month_mean.expand_dims(time=[time_val]).assign_coords(time=("time", [time_val]))
[DONE] 1994-12 appended to /Volumes/HJPARK4/Decadal/source/ML_budget/output/monthly/mlhb_monthly.nc
===== 1995-01 =====
[RUN] .venv/bin/python src/process_d2nf.py --indir /Volumes/HJPARK4/MHW/data/GLORYS/ncfiles --outdir /Volumes/HJPARK4/Decadal/source/ML_budget/tmp_daily/1995/01 --fluxdir /Volumes/HJPARK4/MHW/data/ERA5/daily_EA --years 1995:1995 --workers auto --start-date 1995-01-01 --end-date 1995-01-31 --ah 100.0 --kv 0.0001 --hmin 15.0 --we-mode deepening --mld-source recompute --mld-threshold 0.03 --mld-ref-depth 10.0
[INFO] year 1995  (Ah=100.0, Kv=0.0001, denom=h, hmin=15.0, we_mode=deepening, cap=None m/day, mld=recompute)
[1995] day 1/30 saved
[1995] day 10/30 saved
[1995] day 20/30 saved
[1995] day 30/30 saved
[OK] 1995 done → /Volumes/HJPARK4/Decadal/source/ML_budget/tmp_daily/1995/01/ml_budget_1995.nc
